------------------------------------------------------------
TimeQuest Timing Analyzer Summary
------------------------------------------------------------

Type  : Slow 1100mV 85C Model Setup 'CLK'
Slack : -0.139
TNS   : -0.249

Type  : Slow 1100mV 85C Model Hold 'CLK'
Slack : 0.341
TNS   : 0.000

Type  : Slow 1100mV 85C Model Minimum Pulse Width 'CLK'
Slack : -0.394
TNS   : -2.803

Type  : Slow 1100mV 0C Model Setup 'CLK'
Slack : -0.162
TNS   : -0.365

Type  : Slow 1100mV 0C Model Hold 'CLK'
Slack : 0.316
TNS   : 0.000

Type  : Slow 1100mV 0C Model Minimum Pulse Width 'CLK'
Slack : -0.394
TNS   : -2.581

Type  : Fast 1100mV 85C Model Setup 'CLK'
Slack : 0.318
TNS   : 0.000

Type  : Fast 1100mV 85C Model Hold 'CLK'
Slack : 0.184
TNS   : 0.000

Type  : Fast 1100mV 85C Model Minimum Pulse Width 'CLK'
Slack : -0.342
TNS   : -1.558

Type  : Fast 1100mV 0C Model Setup 'CLK'
Slack : 0.347
TNS   : 0.000

Type  : Fast 1100mV 0C Model Hold 'CLK'
Slack : 0.176
TNS   : 0.000

Type  : Fast 1100mV 0C Model Minimum Pulse Width 'CLK'
Slack : -0.321
TNS   : -1.453

------------------------------------------------------------
